[2025-04-06 02:18:07] local.ERROR: SQLSTATE[HY000] [2002] Connection refused (Connection: mysql, SQL: select * from `users` where `verify_token` is not null and `updated_at` < 2025-04-06 02:13:07 and `users`.`deleted_at` is null) {"exception":"[object] (Illuminate\\Database\\QueryException(code: 2002): SQLSTATE[HY000] [2002] Connection refused (Connection: mysql, SQL: select * from `users` where `verify_token` is not null and `updated_at` < 2025-04-06 02:13:07 and `users`.`deleted_at` is null) at /mnt/c/xampp/htdocs/.NhanOrder/backend/vendor/laravel/framework/src/Illuminate/Database/Connection.php:823)
[stacktrace]
#0 /mnt/c/xampp/htdocs/.NhanOrder/backend/vendor/laravel/framework/src/Illuminate/Database/Connection.php(977): Illuminate\\Database\\Connection->runQueryCallback()
#1 /mnt/c/xampp/htdocs/.NhanOrder/backend/vendor/laravel/framework/src/Illuminate/Database/Connection.php(956): Illuminate\\Database\\Connection->tryAgainIfCausedByLostConnection()
#2 /mnt/c/xampp/htdocs/.NhanOrder/backend/vendor/laravel/framework/src/Illuminate/Database/Connection.php(779): Illuminate\\Database\\Connection->handleQueryException()
#3 /mnt/c/xampp/htdocs/.NhanOrder/backend/vendor/laravel/framework/src/Illuminate/Database/Connection.php(396): Illuminate\\Database\\Connection->run()
#4 /mnt/c/xampp/htdocs/.NhanOrder/backend/vendor/laravel/framework/src/Illuminate/Database/Query/Builder.php(3106): Illuminate\\Database\\Connection->select()
#5 /mnt/c/xampp/htdocs/.NhanOrder/backend/vendor/laravel/framework/src/Illuminate/Database/Query/Builder.php(3091): Illuminate\\Database\\Query\\Builder->runSelect()
#6 /mnt/c/xampp/htdocs/.NhanOrder/backend/vendor/laravel/framework/src/Illuminate/Database/Query/Builder.php(3676): Illuminate\\Database\\Query\\Builder->{closure:Illuminate\\Database\\Query\\Builder::get():3090}()
#7 /mnt/c/xampp/htdocs/.NhanOrder/backend/vendor/laravel/framework/src/Illuminate/Database/Query/Builder.php(3090): Illuminate\\Database\\Query\\Builder->onceWithColumns()
#8 /mnt/c/xampp/htdocs/.NhanOrder/backend/vendor/laravel/framework/src/Illuminate/Database/Eloquent/Builder.php(811): Illuminate\\Database\\Query\\Builder->get()
#9 /mnt/c/xampp/htdocs/.NhanOrder/backend/vendor/laravel/framework/src/Illuminate/Database/Eloquent/Builder.php(793): Illuminate\\Database\\Eloquent\\Builder->getModels()
#10 /mnt/c/xampp/htdocs/.NhanOrder/backend/app/Console/Commands/ClearTokensAfter5Mins.php(25): Illuminate\\Database\\Eloquent\\Builder->get()
#11 /mnt/c/xampp/htdocs/.NhanOrder/backend/vendor/laravel/framework/src/Illuminate/Container/BoundMethod.php(36): App\\Console\\Commands\\ClearTokensAfter5Mins->handle()
#12 /mnt/c/xampp/htdocs/.NhanOrder/backend/vendor/laravel/framework/src/Illuminate/Container/Util.php(43): Illuminate\\Container\\BoundMethod::{closure:Illuminate\\Container\\BoundMethod::call():35}()
#13 /mnt/c/xampp/htdocs/.NhanOrder/backend/vendor/laravel/framework/src/Illuminate/Container/BoundMethod.php(95): Illuminate\\Container\\Util::unwrapIfClosure()
#14 /mnt/c/xampp/htdocs/.NhanOrder/backend/vendor/laravel/framework/src/Illuminate/Container/BoundMethod.php(35): Illuminate\\Container\\BoundMethod::callBoundMethod()
#15 /mnt/c/xampp/htdocs/.NhanOrder/backend/vendor/laravel/framework/src/Illuminate/Container/Container.php(754): Illuminate\\Container\\BoundMethod::call()
#16 /mnt/c/xampp/htdocs/.NhanOrder/backend/vendor/laravel/framework/src/Illuminate/Console/Command.php(213): Illuminate\\Container\\Container->call()
#17 /mnt/c/xampp/htdocs/.NhanOrder/backend/vendor/symfony/console/Command/Command.php(279): Illuminate\\Console\\Command->execute()
#18 /mnt/c/xampp/htdocs/.NhanOrder/backend/vendor/laravel/framework/src/Illuminate/Console/Command.php(182): Symfony\\Component\\Console\\Command\\Command->run()
#19 /mnt/c/xampp/htdocs/.NhanOrder/backend/vendor/laravel/framework/src/Illuminate/Console/Concerns/CallsCommands.php(68): Illuminate\\Console\\Command->run()
#20 /mnt/c/xampp/htdocs/.NhanOrder/backend/vendor/laravel/framework/src/Illuminate/Console/Concerns/CallsCommands.php(29): Illuminate\\Console\\Command->runCommand()
#21 /mnt/c/xampp/htdocs/.NhanOrder/backend/routes/console.php(24): Illuminate\\Console\\Command->call()
#22 /mnt/c/xampp/htdocs/.NhanOrder/backend/vendor/laravel/framework/src/Illuminate/Container/BoundMethod.php(36): Illuminate\\Foundation\\Console\\ClosureCommand->{closure:/mnt/c/xampp/htdocs/.NhanOrder/backend/routes/console.php:23}()
#23 /mnt/c/xampp/htdocs/.NhanOrder/backend/vendor/laravel/framework/src/Illuminate/Container/Util.php(43): Illuminate\\Container\\BoundMethod::{closure:Illuminate\\Container\\BoundMethod::call():35}()
#24 /mnt/c/xampp/htdocs/.NhanOrder/backend/vendor/laravel/framework/src/Illuminate/Container/BoundMethod.php(83): Illuminate\\Container\\Util::unwrapIfClosure()
#25 /mnt/c/xampp/htdocs/.NhanOrder/backend/vendor/laravel/framework/src/Illuminate/Container/BoundMethod.php(35): Illuminate\\Container\\BoundMethod::callBoundMethod()
#26 /mnt/c/xampp/htdocs/.NhanOrder/backend/vendor/laravel/framework/src/Illuminate/Container/Container.php(754): Illuminate\\Container\\BoundMethod::call()
#27 /mnt/c/xampp/htdocs/.NhanOrder/backend/vendor/laravel/framework/src/Illuminate/Foundation/Console/ClosureCommand.php(63): Illuminate\\Container\\Container->call()
#28 /mnt/c/xampp/htdocs/.NhanOrder/backend/vendor/symfony/console/Command/Command.php(279): Illuminate\\Foundation\\Console\\ClosureCommand->execute()
#29 /mnt/c/xampp/htdocs/.NhanOrder/backend/vendor/laravel/framework/src/Illuminate/Console/Command.php(182): Symfony\\Component\\Console\\Command\\Command->run()
#30 /mnt/c/xampp/htdocs/.NhanOrder/backend/vendor/symfony/console/Application.php(1094): Illuminate\\Console\\Command->run()
#31 /mnt/c/xampp/htdocs/.NhanOrder/backend/vendor/symfony/console/Application.php(342): Symfony\\Component\\Console\\Application->doRunCommand()
#32 /mnt/c/xampp/htdocs/.NhanOrder/backend/vendor/symfony/console/Application.php(193): Symfony\\Component\\Console\\Application->doRun()
#33 /mnt/c/xampp/htdocs/.NhanOrder/backend/vendor/laravel/framework/src/Illuminate/Foundation/Console/Kernel.php(198): Symfony\\Component\\Console\\Application->run()
#34 /mnt/c/xampp/htdocs/.NhanOrder/backend/vendor/laravel/framework/src/Illuminate/Foundation/Application.php(1235): Illuminate\\Foundation\\Console\\Kernel->handle()
#35 /mnt/c/xampp/htdocs/.NhanOrder/backend/artisan(16): Illuminate\\Foundation\\Application->handleCommand()
#36 {main}

[previous exception] [object] (PDOException(code: 2002): SQLSTATE[HY000] [2002] Connection refused at /mnt/c/xampp/htdocs/.NhanOrder/backend/vendor/laravel/framework/src/Illuminate/Database/Connectors/Connector.php:67)
[stacktrace]
#0 /mnt/c/xampp/htdocs/.NhanOrder/backend/vendor/laravel/framework/src/Illuminate/Database/Connectors/Connector.php(67): PDO::connect()
#1 /mnt/c/xampp/htdocs/.NhanOrder/backend/vendor/laravel/framework/src/Illuminate/Database/Connectors/Connector.php(85): Illuminate\\Database\\Connectors\\Connector->createPdoConnection()
#2 /mnt/c/xampp/htdocs/.NhanOrder/backend/vendor/laravel/framework/src/Illuminate/Database/Connectors/Connector.php(48): Illuminate\\Database\\Connectors\\Connector->tryAgainIfCausedByLostConnection()
#3 /mnt/c/xampp/htdocs/.NhanOrder/backend/vendor/laravel/framework/src/Illuminate/Database/Connectors/MySqlConnector.php(24): Illuminate\\Database\\Connectors\\Connector->createConnection()
#4 /mnt/c/xampp/htdocs/.NhanOrder/backend/vendor/laravel/framework/src/Illuminate/Database/Connectors/ConnectionFactory.php(185): Illuminate\\Database\\Connectors\\MySqlConnector->connect()
#5 [internal function]: Illuminate\\Database\\Connectors\\ConnectionFactory->{closure:Illuminate\\Database\\Connectors\\ConnectionFactory::createPdoResolverWithHosts():180}()
#6 /mnt/c/xampp/htdocs/.NhanOrder/backend/vendor/laravel/framework/src/Illuminate/Database/Connection.php(1229): call_user_func()
#7 /mnt/c/xampp/htdocs/.NhanOrder/backend/vendor/laravel/framework/src/Illuminate/Database/Connection.php(1265): Illuminate\\Database\\Connection->getPdo()
#8 /mnt/c/xampp/htdocs/.NhanOrder/backend/vendor/laravel/framework/src/Illuminate/Database/Connection.php(510): Illuminate\\Database\\Connection->getReadPdo()
#9 /mnt/c/xampp/htdocs/.NhanOrder/backend/vendor/laravel/framework/src/Illuminate/Database/Connection.php(405): Illuminate\\Database\\Connection->getPdoForSelect()
#10 /mnt/c/xampp/htdocs/.NhanOrder/backend/vendor/laravel/framework/src/Illuminate/Database/Connection.php(810): Illuminate\\Database\\Connection->{closure:Illuminate\\Database\\Connection::select():396}()
#11 /mnt/c/xampp/htdocs/.NhanOrder/backend/vendor/laravel/framework/src/Illuminate/Database/Connection.php(977): Illuminate\\Database\\Connection->runQueryCallback()
#12 /mnt/c/xampp/htdocs/.NhanOrder/backend/vendor/laravel/framework/src/Illuminate/Database/Connection.php(956): Illuminate\\Database\\Connection->tryAgainIfCausedByLostConnection()
#13 /mnt/c/xampp/htdocs/.NhanOrder/backend/vendor/laravel/framework/src/Illuminate/Database/Connection.php(779): Illuminate\\Database\\Connection->handleQueryException()
#14 /mnt/c/xampp/htdocs/.NhanOrder/backend/vendor/laravel/framework/src/Illuminate/Database/Connection.php(396): Illuminate\\Database\\Connection->run()
#15 /mnt/c/xampp/htdocs/.NhanOrder/backend/vendor/laravel/framework/src/Illuminate/Database/Query/Builder.php(3106): Illuminate\\Database\\Connection->select()
#16 /mnt/c/xampp/htdocs/.NhanOrder/backend/vendor/laravel/framework/src/Illuminate/Database/Query/Builder.php(3091): Illuminate\\Database\\Query\\Builder->runSelect()
#17 /mnt/c/xampp/htdocs/.NhanOrder/backend/vendor/laravel/framework/src/Illuminate/Database/Query/Builder.php(3676): Illuminate\\Database\\Query\\Builder->{closure:Illuminate\\Database\\Query\\Builder::get():3090}()
#18 /mnt/c/xampp/htdocs/.NhanOrder/backend/vendor/laravel/framework/src/Illuminate/Database/Query/Builder.php(3090): Illuminate\\Database\\Query\\Builder->onceWithColumns()
#19 /mnt/c/xampp/htdocs/.NhanOrder/backend/vendor/laravel/framework/src/Illuminate/Database/Eloquent/Builder.php(811): Illuminate\\Database\\Query\\Builder->get()
#20 /mnt/c/xampp/htdocs/.NhanOrder/backend/vendor/laravel/framework/src/Illuminate/Database/Eloquent/Builder.php(793): Illuminate\\Database\\Eloquent\\Builder->getModels()
#21 /mnt/c/xampp/htdocs/.NhanOrder/backend/app/Console/Commands/ClearTokensAfter5Mins.php(25): Illuminate\\Database\\Eloquent\\Builder->get()
#22 /mnt/c/xampp/htdocs/.NhanOrder/backend/vendor/laravel/framework/src/Illuminate/Container/BoundMethod.php(36): App\\Console\\Commands\\ClearTokensAfter5Mins->handle()
#23 /mnt/c/xampp/htdocs/.NhanOrder/backend/vendor/laravel/framework/src/Illuminate/Container/Util.php(43): Illuminate\\Container\\BoundMethod::{closure:Illuminate\\Container\\BoundMethod::call():35}()
#24 /mnt/c/xampp/htdocs/.NhanOrder/backend/vendor/laravel/framework/src/Illuminate/Container/BoundMethod.php(95): Illuminate\\Container\\Util::unwrapIfClosure()
#25 /mnt/c/xampp/htdocs/.NhanOrder/backend/vendor/laravel/framework/src/Illuminate/Container/BoundMethod.php(35): Illuminate\\Container\\BoundMethod::callBoundMethod()
#26 /mnt/c/xampp/htdocs/.NhanOrder/backend/vendor/laravel/framework/src/Illuminate/Container/Container.php(754): Illuminate\\Container\\BoundMethod::call()
#27 /mnt/c/xampp/htdocs/.NhanOrder/backend/vendor/laravel/framework/src/Illuminate/Console/Command.php(213): Illuminate\\Container\\Container->call()
#28 /mnt/c/xampp/htdocs/.NhanOrder/backend/vendor/symfony/console/Command/Command.php(279): Illuminate\\Console\\Command->execute()
#29 /mnt/c/xampp/htdocs/.NhanOrder/backend/vendor/laravel/framework/src/Illuminate/Console/Command.php(182): Symfony\\Component\\Console\\Command\\Command->run()
#30 /mnt/c/xampp/htdocs/.NhanOrder/backend/vendor/laravel/framework/src/Illuminate/Console/Concerns/CallsCommands.php(68): Illuminate\\Console\\Command->run()
#31 /mnt/c/xampp/htdocs/.NhanOrder/backend/vendor/laravel/framework/src/Illuminate/Console/Concerns/CallsCommands.php(29): Illuminate\\Console\\Command->runCommand()
#32 /mnt/c/xampp/htdocs/.NhanOrder/backend/routes/console.php(24): Illuminate\\Console\\Command->call()
#33 /mnt/c/xampp/htdocs/.NhanOrder/backend/vendor/laravel/framework/src/Illuminate/Container/BoundMethod.php(36): Illuminate\\Foundation\\Console\\ClosureCommand->{closure:/mnt/c/xampp/htdocs/.NhanOrder/backend/routes/console.php:23}()
#34 /mnt/c/xampp/htdocs/.NhanOrder/backend/vendor/laravel/framework/src/Illuminate/Container/Util.php(43): Illuminate\\Container\\BoundMethod::{closure:Illuminate\\Container\\BoundMethod::call():35}()
#35 /mnt/c/xampp/htdocs/.NhanOrder/backend/vendor/laravel/framework/src/Illuminate/Container/BoundMethod.php(83): Illuminate\\Container\\Util::unwrapIfClosure()
#36 /mnt/c/xampp/htdocs/.NhanOrder/backend/vendor/laravel/framework/src/Illuminate/Container/BoundMethod.php(35): Illuminate\\Container\\BoundMethod::callBoundMethod()
#37 /mnt/c/xampp/htdocs/.NhanOrder/backend/vendor/laravel/framework/src/Illuminate/Container/Container.php(754): Illuminate\\Container\\BoundMethod::call()
#38 /mnt/c/xampp/htdocs/.NhanOrder/backend/vendor/laravel/framework/src/Illuminate/Foundation/Console/ClosureCommand.php(63): Illuminate\\Container\\Container->call()
#39 /mnt/c/xampp/htdocs/.NhanOrder/backend/vendor/symfony/console/Command/Command.php(279): Illuminate\\Foundation\\Console\\ClosureCommand->execute()
#40 /mnt/c/xampp/htdocs/.NhanOrder/backend/vendor/laravel/framework/src/Illuminate/Console/Command.php(182): Symfony\\Component\\Console\\Command\\Command->run()
#41 /mnt/c/xampp/htdocs/.NhanOrder/backend/vendor/symfony/console/Application.php(1094): Illuminate\\Console\\Command->run()
#42 /mnt/c/xampp/htdocs/.NhanOrder/backend/vendor/symfony/console/Application.php(342): Symfony\\Component\\Console\\Application->doRunCommand()
#43 /mnt/c/xampp/htdocs/.NhanOrder/backend/vendor/symfony/console/Application.php(193): Symfony\\Component\\Console\\Application->doRun()
#44 /mnt/c/xampp/htdocs/.NhanOrder/backend/vendor/laravel/framework/src/Illuminate/Foundation/Console/Kernel.php(198): Symfony\\Component\\Console\\Application->run()
#45 /mnt/c/xampp/htdocs/.NhanOrder/backend/vendor/laravel/framework/src/Illuminate/Foundation/Application.php(1235): Illuminate\\Foundation\\Console\\Kernel->handle()
#46 /mnt/c/xampp/htdocs/.NhanOrder/backend/artisan(16): Illuminate\\Foundation\\Application->handleCommand()
#47 {main}
"} 
[2025-04-06 02:18:40] local.ERROR: SQLSTATE[HY000] [2002] Connection refused (Connection: mysql, SQL: select * from `users` where `verify_token` is not null and `updated_at` < 2025-04-06 02:13:40 and `users`.`deleted_at` is null) {"exception":"[object] (Illuminate\\Database\\QueryException(code: 2002): SQLSTATE[HY000] [2002] Connection refused (Connection: mysql, SQL: select * from `users` where `verify_token` is not null and `updated_at` < 2025-04-06 02:13:40 and `users`.`deleted_at` is null) at /mnt/c/xampp/htdocs/.NhanOrder/backend/vendor/laravel/framework/src/Illuminate/Database/Connection.php:823)
[stacktrace]
#0 /mnt/c/xampp/htdocs/.NhanOrder/backend/vendor/laravel/framework/src/Illuminate/Database/Connection.php(977): Illuminate\\Database\\Connection->runQueryCallback()
#1 /mnt/c/xampp/htdocs/.NhanOrder/backend/vendor/laravel/framework/src/Illuminate/Database/Connection.php(956): Illuminate\\Database\\Connection->tryAgainIfCausedByLostConnection()
#2 /mnt/c/xampp/htdocs/.NhanOrder/backend/vendor/laravel/framework/src/Illuminate/Database/Connection.php(779): Illuminate\\Database\\Connection->handleQueryException()
#3 /mnt/c/xampp/htdocs/.NhanOrder/backend/vendor/laravel/framework/src/Illuminate/Database/Connection.php(396): Illuminate\\Database\\Connection->run()
#4 /mnt/c/xampp/htdocs/.NhanOrder/backend/vendor/laravel/framework/src/Illuminate/Database/Query/Builder.php(3106): Illuminate\\Database\\Connection->select()
#5 /mnt/c/xampp/htdocs/.NhanOrder/backend/vendor/laravel/framework/src/Illuminate/Database/Query/Builder.php(3091): Illuminate\\Database\\Query\\Builder->runSelect()
#6 /mnt/c/xampp/htdocs/.NhanOrder/backend/vendor/laravel/framework/src/Illuminate/Database/Query/Builder.php(3676): Illuminate\\Database\\Query\\Builder->{closure:Illuminate\\Database\\Query\\Builder::get():3090}()
#7 /mnt/c/xampp/htdocs/.NhanOrder/backend/vendor/laravel/framework/src/Illuminate/Database/Query/Builder.php(3090): Illuminate\\Database\\Query\\Builder->onceWithColumns()
#8 /mnt/c/xampp/htdocs/.NhanOrder/backend/vendor/laravel/framework/src/Illuminate/Database/Eloquent/Builder.php(811): Illuminate\\Database\\Query\\Builder->get()
#9 /mnt/c/xampp/htdocs/.NhanOrder/backend/vendor/laravel/framework/src/Illuminate/Database/Eloquent/Builder.php(793): Illuminate\\Database\\Eloquent\\Builder->getModels()
#10 /mnt/c/xampp/htdocs/.NhanOrder/backend/app/Console/Commands/ClearTokensAfter5Mins.php(25): Illuminate\\Database\\Eloquent\\Builder->get()
#11 /mnt/c/xampp/htdocs/.NhanOrder/backend/vendor/laravel/framework/src/Illuminate/Container/BoundMethod.php(36): App\\Console\\Commands\\ClearTokensAfter5Mins->handle()
#12 /mnt/c/xampp/htdocs/.NhanOrder/backend/vendor/laravel/framework/src/Illuminate/Container/Util.php(43): Illuminate\\Container\\BoundMethod::{closure:Illuminate\\Container\\BoundMethod::call():35}()
#13 /mnt/c/xampp/htdocs/.NhanOrder/backend/vendor/laravel/framework/src/Illuminate/Container/BoundMethod.php(95): Illuminate\\Container\\Util::unwrapIfClosure()
#14 /mnt/c/xampp/htdocs/.NhanOrder/backend/vendor/laravel/framework/src/Illuminate/Container/BoundMethod.php(35): Illuminate\\Container\\BoundMethod::callBoundMethod()
#15 /mnt/c/xampp/htdocs/.NhanOrder/backend/vendor/laravel/framework/src/Illuminate/Container/Container.php(754): Illuminate\\Container\\BoundMethod::call()
#16 /mnt/c/xampp/htdocs/.NhanOrder/backend/vendor/laravel/framework/src/Illuminate/Console/Command.php(213): Illuminate\\Container\\Container->call()
#17 /mnt/c/xampp/htdocs/.NhanOrder/backend/vendor/symfony/console/Command/Command.php(279): Illuminate\\Console\\Command->execute()
#18 /mnt/c/xampp/htdocs/.NhanOrder/backend/vendor/laravel/framework/src/Illuminate/Console/Command.php(182): Symfony\\Component\\Console\\Command\\Command->run()
#19 /mnt/c/xampp/htdocs/.NhanOrder/backend/vendor/laravel/framework/src/Illuminate/Console/Concerns/CallsCommands.php(68): Illuminate\\Console\\Command->run()
#20 /mnt/c/xampp/htdocs/.NhanOrder/backend/vendor/laravel/framework/src/Illuminate/Console/Concerns/CallsCommands.php(29): Illuminate\\Console\\Command->runCommand()
#21 /mnt/c/xampp/htdocs/.NhanOrder/backend/routes/console.php(24): Illuminate\\Console\\Command->call()
#22 /mnt/c/xampp/htdocs/.NhanOrder/backend/vendor/laravel/framework/src/Illuminate/Container/BoundMethod.php(36): Illuminate\\Foundation\\Console\\ClosureCommand->{closure:/mnt/c/xampp/htdocs/.NhanOrder/backend/routes/console.php:23}()
#23 /mnt/c/xampp/htdocs/.NhanOrder/backend/vendor/laravel/framework/src/Illuminate/Container/Util.php(43): Illuminate\\Container\\BoundMethod::{closure:Illuminate\\Container\\BoundMethod::call():35}()
#24 /mnt/c/xampp/htdocs/.NhanOrder/backend/vendor/laravel/framework/src/Illuminate/Container/BoundMethod.php(83): Illuminate\\Container\\Util::unwrapIfClosure()
#25 /mnt/c/xampp/htdocs/.NhanOrder/backend/vendor/laravel/framework/src/Illuminate/Container/BoundMethod.php(35): Illuminate\\Container\\BoundMethod::callBoundMethod()
#26 /mnt/c/xampp/htdocs/.NhanOrder/backend/vendor/laravel/framework/src/Illuminate/Container/Container.php(754): Illuminate\\Container\\BoundMethod::call()
#27 /mnt/c/xampp/htdocs/.NhanOrder/backend/vendor/laravel/framework/src/Illuminate/Foundation/Console/ClosureCommand.php(63): Illuminate\\Container\\Container->call()
#28 /mnt/c/xampp/htdocs/.NhanOrder/backend/vendor/symfony/console/Command/Command.php(279): Illuminate\\Foundation\\Console\\ClosureCommand->execute()
#29 /mnt/c/xampp/htdocs/.NhanOrder/backend/vendor/laravel/framework/src/Illuminate/Console/Command.php(182): Symfony\\Component\\Console\\Command\\Command->run()
#30 /mnt/c/xampp/htdocs/.NhanOrder/backend/vendor/symfony/console/Application.php(1094): Illuminate\\Console\\Command->run()
#31 /mnt/c/xampp/htdocs/.NhanOrder/backend/vendor/symfony/console/Application.php(342): Symfony\\Component\\Console\\Application->doRunCommand()
#32 /mnt/c/xampp/htdocs/.NhanOrder/backend/vendor/symfony/console/Application.php(193): Symfony\\Component\\Console\\Application->doRun()
#33 /mnt/c/xampp/htdocs/.NhanOrder/backend/vendor/laravel/framework/src/Illuminate/Foundation/Console/Kernel.php(198): Symfony\\Component\\Console\\Application->run()
#34 /mnt/c/xampp/htdocs/.NhanOrder/backend/vendor/laravel/framework/src/Illuminate/Foundation/Application.php(1235): Illuminate\\Foundation\\Console\\Kernel->handle()
#35 /mnt/c/xampp/htdocs/.NhanOrder/backend/artisan(16): Illuminate\\Foundation\\Application->handleCommand()
#36 {main}

[previous exception] [object] (PDOException(code: 2002): SQLSTATE[HY000] [2002] Connection refused at /mnt/c/xampp/htdocs/.NhanOrder/backend/vendor/laravel/framework/src/Illuminate/Database/Connectors/Connector.php:67)
[stacktrace]
#0 /mnt/c/xampp/htdocs/.NhanOrder/backend/vendor/laravel/framework/src/Illuminate/Database/Connectors/Connector.php(67): PDO::connect()
#1 /mnt/c/xampp/htdocs/.NhanOrder/backend/vendor/laravel/framework/src/Illuminate/Database/Connectors/Connector.php(85): Illuminate\\Database\\Connectors\\Connector->createPdoConnection()
#2 /mnt/c/xampp/htdocs/.NhanOrder/backend/vendor/laravel/framework/src/Illuminate/Database/Connectors/Connector.php(48): Illuminate\\Database\\Connectors\\Connector->tryAgainIfCausedByLostConnection()
#3 /mnt/c/xampp/htdocs/.NhanOrder/backend/vendor/laravel/framework/src/Illuminate/Database/Connectors/MySqlConnector.php(24): Illuminate\\Database\\Connectors\\Connector->createConnection()
#4 /mnt/c/xampp/htdocs/.NhanOrder/backend/vendor/laravel/framework/src/Illuminate/Database/Connectors/ConnectionFactory.php(185): Illuminate\\Database\\Connectors\\MySqlConnector->connect()
#5 [internal function]: Illuminate\\Database\\Connectors\\ConnectionFactory->{closure:Illuminate\\Database\\Connectors\\ConnectionFactory::createPdoResolverWithHosts():180}()
#6 /mnt/c/xampp/htdocs/.NhanOrder/backend/vendor/laravel/framework/src/Illuminate/Database/Connection.php(1229): call_user_func()
#7 /mnt/c/xampp/htdocs/.NhanOrder/backend/vendor/laravel/framework/src/Illuminate/Database/Connection.php(1265): Illuminate\\Database\\Connection->getPdo()
#8 /mnt/c/xampp/htdocs/.NhanOrder/backend/vendor/laravel/framework/src/Illuminate/Database/Connection.php(510): Illuminate\\Database\\Connection->getReadPdo()
#9 /mnt/c/xampp/htdocs/.NhanOrder/backend/vendor/laravel/framework/src/Illuminate/Database/Connection.php(405): Illuminate\\Database\\Connection->getPdoForSelect()
#10 /mnt/c/xampp/htdocs/.NhanOrder/backend/vendor/laravel/framework/src/Illuminate/Database/Connection.php(810): Illuminate\\Database\\Connection->{closure:Illuminate\\Database\\Connection::select():396}()
#11 /mnt/c/xampp/htdocs/.NhanOrder/backend/vendor/laravel/framework/src/Illuminate/Database/Connection.php(977): Illuminate\\Database\\Connection->runQueryCallback()
#12 /mnt/c/xampp/htdocs/.NhanOrder/backend/vendor/laravel/framework/src/Illuminate/Database/Connection.php(956): Illuminate\\Database\\Connection->tryAgainIfCausedByLostConnection()
#13 /mnt/c/xampp/htdocs/.NhanOrder/backend/vendor/laravel/framework/src/Illuminate/Database/Connection.php(779): Illuminate\\Database\\Connection->handleQueryException()
#14 /mnt/c/xampp/htdocs/.NhanOrder/backend/vendor/laravel/framework/src/Illuminate/Database/Connection.php(396): Illuminate\\Database\\Connection->run()
#15 /mnt/c/xampp/htdocs/.NhanOrder/backend/vendor/laravel/framework/src/Illuminate/Database/Query/Builder.php(3106): Illuminate\\Database\\Connection->select()
#16 /mnt/c/xampp/htdocs/.NhanOrder/backend/vendor/laravel/framework/src/Illuminate/Database/Query/Builder.php(3091): Illuminate\\Database\\Query\\Builder->runSelect()
#17 /mnt/c/xampp/htdocs/.NhanOrder/backend/vendor/laravel/framework/src/Illuminate/Database/Query/Builder.php(3676): Illuminate\\Database\\Query\\Builder->{closure:Illuminate\\Database\\Query\\Builder::get():3090}()
#18 /mnt/c/xampp/htdocs/.NhanOrder/backend/vendor/laravel/framework/src/Illuminate/Database/Query/Builder.php(3090): Illuminate\\Database\\Query\\Builder->onceWithColumns()
#19 /mnt/c/xampp/htdocs/.NhanOrder/backend/vendor/laravel/framework/src/Illuminate/Database/Eloquent/Builder.php(811): Illuminate\\Database\\Query\\Builder->get()
#20 /mnt/c/xampp/htdocs/.NhanOrder/backend/vendor/laravel/framework/src/Illuminate/Database/Eloquent/Builder.php(793): Illuminate\\Database\\Eloquent\\Builder->getModels()
#21 /mnt/c/xampp/htdocs/.NhanOrder/backend/app/Console/Commands/ClearTokensAfter5Mins.php(25): Illuminate\\Database\\Eloquent\\Builder->get()
#22 /mnt/c/xampp/htdocs/.NhanOrder/backend/vendor/laravel/framework/src/Illuminate/Container/BoundMethod.php(36): App\\Console\\Commands\\ClearTokensAfter5Mins->handle()
#23 /mnt/c/xampp/htdocs/.NhanOrder/backend/vendor/laravel/framework/src/Illuminate/Container/Util.php(43): Illuminate\\Container\\BoundMethod::{closure:Illuminate\\Container\\BoundMethod::call():35}()
#24 /mnt/c/xampp/htdocs/.NhanOrder/backend/vendor/laravel/framework/src/Illuminate/Container/BoundMethod.php(95): Illuminate\\Container\\Util::unwrapIfClosure()
#25 /mnt/c/xampp/htdocs/.NhanOrder/backend/vendor/laravel/framework/src/Illuminate/Container/BoundMethod.php(35): Illuminate\\Container\\BoundMethod::callBoundMethod()
#26 /mnt/c/xampp/htdocs/.NhanOrder/backend/vendor/laravel/framework/src/Illuminate/Container/Container.php(754): Illuminate\\Container\\BoundMethod::call()
#27 /mnt/c/xampp/htdocs/.NhanOrder/backend/vendor/laravel/framework/src/Illuminate/Console/Command.php(213): Illuminate\\Container\\Container->call()
#28 /mnt/c/xampp/htdocs/.NhanOrder/backend/vendor/symfony/console/Command/Command.php(279): Illuminate\\Console\\Command->execute()
#29 /mnt/c/xampp/htdocs/.NhanOrder/backend/vendor/laravel/framework/src/Illuminate/Console/Command.php(182): Symfony\\Component\\Console\\Command\\Command->run()
#30 /mnt/c/xampp/htdocs/.NhanOrder/backend/vendor/laravel/framework/src/Illuminate/Console/Concerns/CallsCommands.php(68): Illuminate\\Console\\Command->run()
#31 /mnt/c/xampp/htdocs/.NhanOrder/backend/vendor/laravel/framework/src/Illuminate/Console/Concerns/CallsCommands.php(29): Illuminate\\Console\\Command->runCommand()
#32 /mnt/c/xampp/htdocs/.NhanOrder/backend/routes/console.php(24): Illuminate\\Console\\Command->call()
#33 /mnt/c/xampp/htdocs/.NhanOrder/backend/vendor/laravel/framework/src/Illuminate/Container/BoundMethod.php(36): Illuminate\\Foundation\\Console\\ClosureCommand->{closure:/mnt/c/xampp/htdocs/.NhanOrder/backend/routes/console.php:23}()
#34 /mnt/c/xampp/htdocs/.NhanOrder/backend/vendor/laravel/framework/src/Illuminate/Container/Util.php(43): Illuminate\\Container\\BoundMethod::{closure:Illuminate\\Container\\BoundMethod::call():35}()
#35 /mnt/c/xampp/htdocs/.NhanOrder/backend/vendor/laravel/framework/src/Illuminate/Container/BoundMethod.php(83): Illuminate\\Container\\Util::unwrapIfClosure()
#36 /mnt/c/xampp/htdocs/.NhanOrder/backend/vendor/laravel/framework/src/Illuminate/Container/BoundMethod.php(35): Illuminate\\Container\\BoundMethod::callBoundMethod()
#37 /mnt/c/xampp/htdocs/.NhanOrder/backend/vendor/laravel/framework/src/Illuminate/Container/Container.php(754): Illuminate\\Container\\BoundMethod::call()
#38 /mnt/c/xampp/htdocs/.NhanOrder/backend/vendor/laravel/framework/src/Illuminate/Foundation/Console/ClosureCommand.php(63): Illuminate\\Container\\Container->call()
#39 /mnt/c/xampp/htdocs/.NhanOrder/backend/vendor/symfony/console/Command/Command.php(279): Illuminate\\Foundation\\Console\\ClosureCommand->execute()
#40 /mnt/c/xampp/htdocs/.NhanOrder/backend/vendor/laravel/framework/src/Illuminate/Console/Command.php(182): Symfony\\Component\\Console\\Command\\Command->run()
#41 /mnt/c/xampp/htdocs/.NhanOrder/backend/vendor/symfony/console/Application.php(1094): Illuminate\\Console\\Command->run()
#42 /mnt/c/xampp/htdocs/.NhanOrder/backend/vendor/symfony/console/Application.php(342): Symfony\\Component\\Console\\Application->doRunCommand()
#43 /mnt/c/xampp/htdocs/.NhanOrder/backend/vendor/symfony/console/Application.php(193): Symfony\\Component\\Console\\Application->doRun()
#44 /mnt/c/xampp/htdocs/.NhanOrder/backend/vendor/laravel/framework/src/Illuminate/Foundation/Console/Kernel.php(198): Symfony\\Component\\Console\\Application->run()
#45 /mnt/c/xampp/htdocs/.NhanOrder/backend/vendor/laravel/framework/src/Illuminate/Foundation/Application.php(1235): Illuminate\\Foundation\\Console\\Kernel->handle()
#46 /mnt/c/xampp/htdocs/.NhanOrder/backend/artisan(16): Illuminate\\Foundation\\Application->handleCommand()
#47 {main}
"} 
[2025-04-06 02:20:02] local.ERROR: SQLSTATE[HY000] [2002] Connection refused (Connection: mysql, SQL: select * from `users` where `verify_token` is not null and `updated_at` < 2025-04-06 02:15:02 and `users`.`deleted_at` is null) {"exception":"[object] (Illuminate\\Database\\QueryException(code: 2002): SQLSTATE[HY000] [2002] Connection refused (Connection: mysql, SQL: select * from `users` where `verify_token` is not null and `updated_at` < 2025-04-06 02:15:02 and `users`.`deleted_at` is null) at /mnt/c/xampp/htdocs/.NhanOrder/backend/vendor/laravel/framework/src/Illuminate/Database/Connection.php:823)
[stacktrace]
#0 /mnt/c/xampp/htdocs/.NhanOrder/backend/vendor/laravel/framework/src/Illuminate/Database/Connection.php(977): Illuminate\\Database\\Connection->runQueryCallback()
#1 /mnt/c/xampp/htdocs/.NhanOrder/backend/vendor/laravel/framework/src/Illuminate/Database/Connection.php(956): Illuminate\\Database\\Connection->tryAgainIfCausedByLostConnection()
#2 /mnt/c/xampp/htdocs/.NhanOrder/backend/vendor/laravel/framework/src/Illuminate/Database/Connection.php(779): Illuminate\\Database\\Connection->handleQueryException()
#3 /mnt/c/xampp/htdocs/.NhanOrder/backend/vendor/laravel/framework/src/Illuminate/Database/Connection.php(396): Illuminate\\Database\\Connection->run()
#4 /mnt/c/xampp/htdocs/.NhanOrder/backend/vendor/laravel/framework/src/Illuminate/Database/Query/Builder.php(3106): Illuminate\\Database\\Connection->select()
#5 /mnt/c/xampp/htdocs/.NhanOrder/backend/vendor/laravel/framework/src/Illuminate/Database/Query/Builder.php(3091): Illuminate\\Database\\Query\\Builder->runSelect()
#6 /mnt/c/xampp/htdocs/.NhanOrder/backend/vendor/laravel/framework/src/Illuminate/Database/Query/Builder.php(3676): Illuminate\\Database\\Query\\Builder->{closure:Illuminate\\Database\\Query\\Builder::get():3090}()
#7 /mnt/c/xampp/htdocs/.NhanOrder/backend/vendor/laravel/framework/src/Illuminate/Database/Query/Builder.php(3090): Illuminate\\Database\\Query\\Builder->onceWithColumns()
#8 /mnt/c/xampp/htdocs/.NhanOrder/backend/vendor/laravel/framework/src/Illuminate/Database/Eloquent/Builder.php(811): Illuminate\\Database\\Query\\Builder->get()
#9 /mnt/c/xampp/htdocs/.NhanOrder/backend/vendor/laravel/framework/src/Illuminate/Database/Eloquent/Builder.php(793): Illuminate\\Database\\Eloquent\\Builder->getModels()
#10 /mnt/c/xampp/htdocs/.NhanOrder/backend/app/Console/Commands/ClearTokensAfter5Mins.php(25): Illuminate\\Database\\Eloquent\\Builder->get()
#11 /mnt/c/xampp/htdocs/.NhanOrder/backend/vendor/laravel/framework/src/Illuminate/Container/BoundMethod.php(36): App\\Console\\Commands\\ClearTokensAfter5Mins->handle()
#12 /mnt/c/xampp/htdocs/.NhanOrder/backend/vendor/laravel/framework/src/Illuminate/Container/Util.php(43): Illuminate\\Container\\BoundMethod::{closure:Illuminate\\Container\\BoundMethod::call():35}()
#13 /mnt/c/xampp/htdocs/.NhanOrder/backend/vendor/laravel/framework/src/Illuminate/Container/BoundMethod.php(95): Illuminate\\Container\\Util::unwrapIfClosure()
#14 /mnt/c/xampp/htdocs/.NhanOrder/backend/vendor/laravel/framework/src/Illuminate/Container/BoundMethod.php(35): Illuminate\\Container\\BoundMethod::callBoundMethod()
#15 /mnt/c/xampp/htdocs/.NhanOrder/backend/vendor/laravel/framework/src/Illuminate/Container/Container.php(754): Illuminate\\Container\\BoundMethod::call()
#16 /mnt/c/xampp/htdocs/.NhanOrder/backend/vendor/laravel/framework/src/Illuminate/Console/Command.php(213): Illuminate\\Container\\Container->call()
#17 /mnt/c/xampp/htdocs/.NhanOrder/backend/vendor/symfony/console/Command/Command.php(279): Illuminate\\Console\\Command->execute()
#18 /mnt/c/xampp/htdocs/.NhanOrder/backend/vendor/laravel/framework/src/Illuminate/Console/Command.php(182): Symfony\\Component\\Console\\Command\\Command->run()
#19 /mnt/c/xampp/htdocs/.NhanOrder/backend/vendor/laravel/framework/src/Illuminate/Console/Concerns/CallsCommands.php(68): Illuminate\\Console\\Command->run()
#20 /mnt/c/xampp/htdocs/.NhanOrder/backend/vendor/laravel/framework/src/Illuminate/Console/Concerns/CallsCommands.php(29): Illuminate\\Console\\Command->runCommand()
#21 /mnt/c/xampp/htdocs/.NhanOrder/backend/routes/console.php(24): Illuminate\\Console\\Command->call()
#22 /mnt/c/xampp/htdocs/.NhanOrder/backend/vendor/laravel/framework/src/Illuminate/Container/BoundMethod.php(36): Illuminate\\Foundation\\Console\\ClosureCommand->{closure:/mnt/c/xampp/htdocs/.NhanOrder/backend/routes/console.php:23}()
#23 /mnt/c/xampp/htdocs/.NhanOrder/backend/vendor/laravel/framework/src/Illuminate/Container/Util.php(43): Illuminate\\Container\\BoundMethod::{closure:Illuminate\\Container\\BoundMethod::call():35}()
#24 /mnt/c/xampp/htdocs/.NhanOrder/backend/vendor/laravel/framework/src/Illuminate/Container/BoundMethod.php(83): Illuminate\\Container\\Util::unwrapIfClosure()
#25 /mnt/c/xampp/htdocs/.NhanOrder/backend/vendor/laravel/framework/src/Illuminate/Container/BoundMethod.php(35): Illuminate\\Container\\BoundMethod::callBoundMethod()
#26 /mnt/c/xampp/htdocs/.NhanOrder/backend/vendor/laravel/framework/src/Illuminate/Container/Container.php(754): Illuminate\\Container\\BoundMethod::call()
#27 /mnt/c/xampp/htdocs/.NhanOrder/backend/vendor/laravel/framework/src/Illuminate/Foundation/Console/ClosureCommand.php(63): Illuminate\\Container\\Container->call()
#28 /mnt/c/xampp/htdocs/.NhanOrder/backend/vendor/symfony/console/Command/Command.php(279): Illuminate\\Foundation\\Console\\ClosureCommand->execute()
#29 /mnt/c/xampp/htdocs/.NhanOrder/backend/vendor/laravel/framework/src/Illuminate/Console/Command.php(182): Symfony\\Component\\Console\\Command\\Command->run()
#30 /mnt/c/xampp/htdocs/.NhanOrder/backend/vendor/symfony/console/Application.php(1094): Illuminate\\Console\\Command->run()
#31 /mnt/c/xampp/htdocs/.NhanOrder/backend/vendor/symfony/console/Application.php(342): Symfony\\Component\\Console\\Application->doRunCommand()
#32 /mnt/c/xampp/htdocs/.NhanOrder/backend/vendor/symfony/console/Application.php(193): Symfony\\Component\\Console\\Application->doRun()
#33 /mnt/c/xampp/htdocs/.NhanOrder/backend/vendor/laravel/framework/src/Illuminate/Foundation/Console/Kernel.php(198): Symfony\\Component\\Console\\Application->run()
#34 /mnt/c/xampp/htdocs/.NhanOrder/backend/vendor/laravel/framework/src/Illuminate/Foundation/Application.php(1235): Illuminate\\Foundation\\Console\\Kernel->handle()
#35 /mnt/c/xampp/htdocs/.NhanOrder/backend/artisan(16): Illuminate\\Foundation\\Application->handleCommand()
#36 {main}

[previous exception] [object] (PDOException(code: 2002): SQLSTATE[HY000] [2002] Connection refused at /mnt/c/xampp/htdocs/.NhanOrder/backend/vendor/laravel/framework/src/Illuminate/Database/Connectors/Connector.php:67)
[stacktrace]
#0 /mnt/c/xampp/htdocs/.NhanOrder/backend/vendor/laravel/framework/src/Illuminate/Database/Connectors/Connector.php(67): PDO::connect()
#1 /mnt/c/xampp/htdocs/.NhanOrder/backend/vendor/laravel/framework/src/Illuminate/Database/Connectors/Connector.php(85): Illuminate\\Database\\Connectors\\Connector->createPdoConnection()
#2 /mnt/c/xampp/htdocs/.NhanOrder/backend/vendor/laravel/framework/src/Illuminate/Database/Connectors/Connector.php(48): Illuminate\\Database\\Connectors\\Connector->tryAgainIfCausedByLostConnection()
#3 /mnt/c/xampp/htdocs/.NhanOrder/backend/vendor/laravel/framework/src/Illuminate/Database/Connectors/MySqlConnector.php(24): Illuminate\\Database\\Connectors\\Connector->createConnection()
#4 /mnt/c/xampp/htdocs/.NhanOrder/backend/vendor/laravel/framework/src/Illuminate/Database/Connectors/ConnectionFactory.php(185): Illuminate\\Database\\Connectors\\MySqlConnector->connect()
#5 [internal function]: Illuminate\\Database\\Connectors\\ConnectionFactory->{closure:Illuminate\\Database\\Connectors\\ConnectionFactory::createPdoResolverWithHosts():180}()
#6 /mnt/c/xampp/htdocs/.NhanOrder/backend/vendor/laravel/framework/src/Illuminate/Database/Connection.php(1229): call_user_func()
#7 /mnt/c/xampp/htdocs/.NhanOrder/backend/vendor/laravel/framework/src/Illuminate/Database/Connection.php(1265): Illuminate\\Database\\Connection->getPdo()
#8 /mnt/c/xampp/htdocs/.NhanOrder/backend/vendor/laravel/framework/src/Illuminate/Database/Connection.php(510): Illuminate\\Database\\Connection->getReadPdo()
#9 /mnt/c/xampp/htdocs/.NhanOrder/backend/vendor/laravel/framework/src/Illuminate/Database/Connection.php(405): Illuminate\\Database\\Connection->getPdoForSelect()
#10 /mnt/c/xampp/htdocs/.NhanOrder/backend/vendor/laravel/framework/src/Illuminate/Database/Connection.php(810): Illuminate\\Database\\Connection->{closure:Illuminate\\Database\\Connection::select():396}()
#11 /mnt/c/xampp/htdocs/.NhanOrder/backend/vendor/laravel/framework/src/Illuminate/Database/Connection.php(977): Illuminate\\Database\\Connection->runQueryCallback()
#12 /mnt/c/xampp/htdocs/.NhanOrder/backend/vendor/laravel/framework/src/Illuminate/Database/Connection.php(956): Illuminate\\Database\\Connection->tryAgainIfCausedByLostConnection()
#13 /mnt/c/xampp/htdocs/.NhanOrder/backend/vendor/laravel/framework/src/Illuminate/Database/Connection.php(779): Illuminate\\Database\\Connection->handleQueryException()
#14 /mnt/c/xampp/htdocs/.NhanOrder/backend/vendor/laravel/framework/src/Illuminate/Database/Connection.php(396): Illuminate\\Database\\Connection->run()
#15 /mnt/c/xampp/htdocs/.NhanOrder/backend/vendor/laravel/framework/src/Illuminate/Database/Query/Builder.php(3106): Illuminate\\Database\\Connection->select()
#16 /mnt/c/xampp/htdocs/.NhanOrder/backend/vendor/laravel/framework/src/Illuminate/Database/Query/Builder.php(3091): Illuminate\\Database\\Query\\Builder->runSelect()
#17 /mnt/c/xampp/htdocs/.NhanOrder/backend/vendor/laravel/framework/src/Illuminate/Database/Query/Builder.php(3676): Illuminate\\Database\\Query\\Builder->{closure:Illuminate\\Database\\Query\\Builder::get():3090}()
#18 /mnt/c/xampp/htdocs/.NhanOrder/backend/vendor/laravel/framework/src/Illuminate/Database/Query/Builder.php(3090): Illuminate\\Database\\Query\\Builder->onceWithColumns()
#19 /mnt/c/xampp/htdocs/.NhanOrder/backend/vendor/laravel/framework/src/Illuminate/Database/Eloquent/Builder.php(811): Illuminate\\Database\\Query\\Builder->get()
#20 /mnt/c/xampp/htdocs/.NhanOrder/backend/vendor/laravel/framework/src/Illuminate/Database/Eloquent/Builder.php(793): Illuminate\\Database\\Eloquent\\Builder->getModels()
#21 /mnt/c/xampp/htdocs/.NhanOrder/backend/app/Console/Commands/ClearTokensAfter5Mins.php(25): Illuminate\\Database\\Eloquent\\Builder->get()
#22 /mnt/c/xampp/htdocs/.NhanOrder/backend/vendor/laravel/framework/src/Illuminate/Container/BoundMethod.php(36): App\\Console\\Commands\\ClearTokensAfter5Mins->handle()
#23 /mnt/c/xampp/htdocs/.NhanOrder/backend/vendor/laravel/framework/src/Illuminate/Container/Util.php(43): Illuminate\\Container\\BoundMethod::{closure:Illuminate\\Container\\BoundMethod::call():35}()
#24 /mnt/c/xampp/htdocs/.NhanOrder/backend/vendor/laravel/framework/src/Illuminate/Container/BoundMethod.php(95): Illuminate\\Container\\Util::unwrapIfClosure()
#25 /mnt/c/xampp/htdocs/.NhanOrder/backend/vendor/laravel/framework/src/Illuminate/Container/BoundMethod.php(35): Illuminate\\Container\\BoundMethod::callBoundMethod()
#26 /mnt/c/xampp/htdocs/.NhanOrder/backend/vendor/laravel/framework/src/Illuminate/Container/Container.php(754): Illuminate\\Container\\BoundMethod::call()
#27 /mnt/c/xampp/htdocs/.NhanOrder/backend/vendor/laravel/framework/src/Illuminate/Console/Command.php(213): Illuminate\\Container\\Container->call()
#28 /mnt/c/xampp/htdocs/.NhanOrder/backend/vendor/symfony/console/Command/Command.php(279): Illuminate\\Console\\Command->execute()
#29 /mnt/c/xampp/htdocs/.NhanOrder/backend/vendor/laravel/framework/src/Illuminate/Console/Command.php(182): Symfony\\Component\\Console\\Command\\Command->run()
#30 /mnt/c/xampp/htdocs/.NhanOrder/backend/vendor/laravel/framework/src/Illuminate/Console/Concerns/CallsCommands.php(68): Illuminate\\Console\\Command->run()
#31 /mnt/c/xampp/htdocs/.NhanOrder/backend/vendor/laravel/framework/src/Illuminate/Console/Concerns/CallsCommands.php(29): Illuminate\\Console\\Command->runCommand()
#32 /mnt/c/xampp/htdocs/.NhanOrder/backend/routes/console.php(24): Illuminate\\Console\\Command->call()
#33 /mnt/c/xampp/htdocs/.NhanOrder/backend/vendor/laravel/framework/src/Illuminate/Container/BoundMethod.php(36): Illuminate\\Foundation\\Console\\ClosureCommand->{closure:/mnt/c/xampp/htdocs/.NhanOrder/backend/routes/console.php:23}()
#34 /mnt/c/xampp/htdocs/.NhanOrder/backend/vendor/laravel/framework/src/Illuminate/Container/Util.php(43): Illuminate\\Container\\BoundMethod::{closure:Illuminate\\Container\\BoundMethod::call():35}()
#35 /mnt/c/xampp/htdocs/.NhanOrder/backend/vendor/laravel/framework/src/Illuminate/Container/BoundMethod.php(83): Illuminate\\Container\\Util::unwrapIfClosure()
#36 /mnt/c/xampp/htdocs/.NhanOrder/backend/vendor/laravel/framework/src/Illuminate/Container/BoundMethod.php(35): Illuminate\\Container\\BoundMethod::callBoundMethod()
#37 /mnt/c/xampp/htdocs/.NhanOrder/backend/vendor/laravel/framework/src/Illuminate/Container/Container.php(754): Illuminate\\Container\\BoundMethod::call()
#38 /mnt/c/xampp/htdocs/.NhanOrder/backend/vendor/laravel/framework/src/Illuminate/Foundation/Console/ClosureCommand.php(63): Illuminate\\Container\\Container->call()
#39 /mnt/c/xampp/htdocs/.NhanOrder/backend/vendor/symfony/console/Command/Command.php(279): Illuminate\\Foundation\\Console\\ClosureCommand->execute()
#40 /mnt/c/xampp/htdocs/.NhanOrder/backend/vendor/laravel/framework/src/Illuminate/Console/Command.php(182): Symfony\\Component\\Console\\Command\\Command->run()
#41 /mnt/c/xampp/htdocs/.NhanOrder/backend/vendor/symfony/console/Application.php(1094): Illuminate\\Console\\Command->run()
#42 /mnt/c/xampp/htdocs/.NhanOrder/backend/vendor/symfony/console/Application.php(342): Symfony\\Component\\Console\\Application->doRunCommand()
#43 /mnt/c/xampp/htdocs/.NhanOrder/backend/vendor/symfony/console/Application.php(193): Symfony\\Component\\Console\\Application->doRun()
#44 /mnt/c/xampp/htdocs/.NhanOrder/backend/vendor/laravel/framework/src/Illuminate/Foundation/Console/Kernel.php(198): Symfony\\Component\\Console\\Application->run()
#45 /mnt/c/xampp/htdocs/.NhanOrder/backend/vendor/laravel/framework/src/Illuminate/Foundation/Application.php(1235): Illuminate\\Foundation\\Console\\Kernel->handle()
#46 /mnt/c/xampp/htdocs/.NhanOrder/backend/artisan(16): Illuminate\\Foundation\\Application->handleCommand()
#47 {main}
"} 
[2025-04-06 02:20:02] local.ERROR: SQLSTATE[HY000] [2002] Connection refused (Connection: mysql, SQL: select * from `users` where `email_verified_at` is null and `created_at` < 2025-04-06 02:19:02 and `users`.`deleted_at` is null) {"exception":"[object] (Illuminate\\Database\\QueryException(code: 2002): SQLSTATE[HY000] [2002] Connection refused (Connection: mysql, SQL: select * from `users` where `email_verified_at` is null and `created_at` < 2025-04-06 02:19:02 and `users`.`deleted_at` is null) at /mnt/c/xampp/htdocs/.NhanOrder/backend/vendor/laravel/framework/src/Illuminate/Database/Connection.php:823)
[stacktrace]
#0 /mnt/c/xampp/htdocs/.NhanOrder/backend/vendor/laravel/framework/src/Illuminate/Database/Connection.php(977): Illuminate\\Database\\Connection->runQueryCallback()
#1 /mnt/c/xampp/htdocs/.NhanOrder/backend/vendor/laravel/framework/src/Illuminate/Database/Connection.php(956): Illuminate\\Database\\Connection->tryAgainIfCausedByLostConnection()
#2 /mnt/c/xampp/htdocs/.NhanOrder/backend/vendor/laravel/framework/src/Illuminate/Database/Connection.php(779): Illuminate\\Database\\Connection->handleQueryException()
#3 /mnt/c/xampp/htdocs/.NhanOrder/backend/vendor/laravel/framework/src/Illuminate/Database/Connection.php(396): Illuminate\\Database\\Connection->run()
#4 /mnt/c/xampp/htdocs/.NhanOrder/backend/vendor/laravel/framework/src/Illuminate/Database/Query/Builder.php(3106): Illuminate\\Database\\Connection->select()
#5 /mnt/c/xampp/htdocs/.NhanOrder/backend/vendor/laravel/framework/src/Illuminate/Database/Query/Builder.php(3091): Illuminate\\Database\\Query\\Builder->runSelect()
#6 /mnt/c/xampp/htdocs/.NhanOrder/backend/vendor/laravel/framework/src/Illuminate/Database/Query/Builder.php(3676): Illuminate\\Database\\Query\\Builder->{closure:Illuminate\\Database\\Query\\Builder::get():3090}()
#7 /mnt/c/xampp/htdocs/.NhanOrder/backend/vendor/laravel/framework/src/Illuminate/Database/Query/Builder.php(3090): Illuminate\\Database\\Query\\Builder->onceWithColumns()
#8 /mnt/c/xampp/htdocs/.NhanOrder/backend/vendor/laravel/framework/src/Illuminate/Database/Eloquent/Builder.php(811): Illuminate\\Database\\Query\\Builder->get()
#9 /mnt/c/xampp/htdocs/.NhanOrder/backend/vendor/laravel/framework/src/Illuminate/Database/Eloquent/Builder.php(793): Illuminate\\Database\\Eloquent\\Builder->getModels()
#10 /mnt/c/xampp/htdocs/.NhanOrder/backend/app/Console/Commands/ClearUndefinedAccounts.php(24): Illuminate\\Database\\Eloquent\\Builder->get()
#11 /mnt/c/xampp/htdocs/.NhanOrder/backend/vendor/laravel/framework/src/Illuminate/Container/BoundMethod.php(36): App\\Console\\Commands\\ClearUndefinedAccounts->handle()
#12 /mnt/c/xampp/htdocs/.NhanOrder/backend/vendor/laravel/framework/src/Illuminate/Container/Util.php(43): Illuminate\\Container\\BoundMethod::{closure:Illuminate\\Container\\BoundMethod::call():35}()
#13 /mnt/c/xampp/htdocs/.NhanOrder/backend/vendor/laravel/framework/src/Illuminate/Container/BoundMethod.php(95): Illuminate\\Container\\Util::unwrapIfClosure()
#14 /mnt/c/xampp/htdocs/.NhanOrder/backend/vendor/laravel/framework/src/Illuminate/Container/BoundMethod.php(35): Illuminate\\Container\\BoundMethod::callBoundMethod()
#15 /mnt/c/xampp/htdocs/.NhanOrder/backend/vendor/laravel/framework/src/Illuminate/Container/Container.php(754): Illuminate\\Container\\BoundMethod::call()
#16 /mnt/c/xampp/htdocs/.NhanOrder/backend/vendor/laravel/framework/src/Illuminate/Console/Command.php(213): Illuminate\\Container\\Container->call()
#17 /mnt/c/xampp/htdocs/.NhanOrder/backend/vendor/symfony/console/Command/Command.php(279): Illuminate\\Console\\Command->execute()
#18 /mnt/c/xampp/htdocs/.NhanOrder/backend/vendor/laravel/framework/src/Illuminate/Console/Command.php(182): Symfony\\Component\\Console\\Command\\Command->run()
#19 /mnt/c/xampp/htdocs/.NhanOrder/backend/vendor/laravel/framework/src/Illuminate/Console/Concerns/CallsCommands.php(68): Illuminate\\Console\\Command->run()
#20 /mnt/c/xampp/htdocs/.NhanOrder/backend/vendor/laravel/framework/src/Illuminate/Console/Concerns/CallsCommands.php(29): Illuminate\\Console\\Command->runCommand()
#21 /mnt/c/xampp/htdocs/.NhanOrder/backend/routes/console.php(18): Illuminate\\Console\\Command->call()
#22 /mnt/c/xampp/htdocs/.NhanOrder/backend/vendor/laravel/framework/src/Illuminate/Container/BoundMethod.php(36): Illuminate\\Foundation\\Console\\ClosureCommand->{closure:/mnt/c/xampp/htdocs/.NhanOrder/backend/routes/console.php:17}()
#23 /mnt/c/xampp/htdocs/.NhanOrder/backend/vendor/laravel/framework/src/Illuminate/Container/Util.php(43): Illuminate\\Container\\BoundMethod::{closure:Illuminate\\Container\\BoundMethod::call():35}()
#24 /mnt/c/xampp/htdocs/.NhanOrder/backend/vendor/laravel/framework/src/Illuminate/Container/BoundMethod.php(83): Illuminate\\Container\\Util::unwrapIfClosure()
#25 /mnt/c/xampp/htdocs/.NhanOrder/backend/vendor/laravel/framework/src/Illuminate/Container/BoundMethod.php(35): Illuminate\\Container\\BoundMethod::callBoundMethod()
#26 /mnt/c/xampp/htdocs/.NhanOrder/backend/vendor/laravel/framework/src/Illuminate/Container/Container.php(754): Illuminate\\Container\\BoundMethod::call()
#27 /mnt/c/xampp/htdocs/.NhanOrder/backend/vendor/laravel/framework/src/Illuminate/Foundation/Console/ClosureCommand.php(63): Illuminate\\Container\\Container->call()
#28 /mnt/c/xampp/htdocs/.NhanOrder/backend/vendor/symfony/console/Command/Command.php(279): Illuminate\\Foundation\\Console\\ClosureCommand->execute()
#29 /mnt/c/xampp/htdocs/.NhanOrder/backend/vendor/laravel/framework/src/Illuminate/Console/Command.php(182): Symfony\\Component\\Console\\Command\\Command->run()
#30 /mnt/c/xampp/htdocs/.NhanOrder/backend/vendor/symfony/console/Application.php(1094): Illuminate\\Console\\Command->run()
#31 /mnt/c/xampp/htdocs/.NhanOrder/backend/vendor/symfony/console/Application.php(342): Symfony\\Component\\Console\\Application->doRunCommand()
#32 /mnt/c/xampp/htdocs/.NhanOrder/backend/vendor/symfony/console/Application.php(193): Symfony\\Component\\Console\\Application->doRun()
#33 /mnt/c/xampp/htdocs/.NhanOrder/backend/vendor/laravel/framework/src/Illuminate/Foundation/Console/Kernel.php(198): Symfony\\Component\\Console\\Application->run()
#34 /mnt/c/xampp/htdocs/.NhanOrder/backend/vendor/laravel/framework/src/Illuminate/Foundation/Application.php(1235): Illuminate\\Foundation\\Console\\Kernel->handle()
#35 /mnt/c/xampp/htdocs/.NhanOrder/backend/artisan(16): Illuminate\\Foundation\\Application->handleCommand()
#36 {main}

[previous exception] [object] (PDOException(code: 2002): SQLSTATE[HY000] [2002] Connection refused at /mnt/c/xampp/htdocs/.NhanOrder/backend/vendor/laravel/framework/src/Illuminate/Database/Connectors/Connector.php:67)
[stacktrace]
#0 /mnt/c/xampp/htdocs/.NhanOrder/backend/vendor/laravel/framework/src/Illuminate/Database/Connectors/Connector.php(67): PDO::connect()
#1 /mnt/c/xampp/htdocs/.NhanOrder/backend/vendor/laravel/framework/src/Illuminate/Database/Connectors/Connector.php(85): Illuminate\\Database\\Connectors\\Connector->createPdoConnection()
#2 /mnt/c/xampp/htdocs/.NhanOrder/backend/vendor/laravel/framework/src/Illuminate/Database/Connectors/Connector.php(48): Illuminate\\Database\\Connectors\\Connector->tryAgainIfCausedByLostConnection()
#3 /mnt/c/xampp/htdocs/.NhanOrder/backend/vendor/laravel/framework/src/Illuminate/Database/Connectors/MySqlConnector.php(24): Illuminate\\Database\\Connectors\\Connector->createConnection()
#4 /mnt/c/xampp/htdocs/.NhanOrder/backend/vendor/laravel/framework/src/Illuminate/Database/Connectors/ConnectionFactory.php(185): Illuminate\\Database\\Connectors\\MySqlConnector->connect()
#5 [internal function]: Illuminate\\Database\\Connectors\\ConnectionFactory->{closure:Illuminate\\Database\\Connectors\\ConnectionFactory::createPdoResolverWithHosts():180}()
#6 /mnt/c/xampp/htdocs/.NhanOrder/backend/vendor/laravel/framework/src/Illuminate/Database/Connection.php(1229): call_user_func()
#7 /mnt/c/xampp/htdocs/.NhanOrder/backend/vendor/laravel/framework/src/Illuminate/Database/Connection.php(1265): Illuminate\\Database\\Connection->getPdo()
#8 /mnt/c/xampp/htdocs/.NhanOrder/backend/vendor/laravel/framework/src/Illuminate/Database/Connection.php(510): Illuminate\\Database\\Connection->getReadPdo()
#9 /mnt/c/xampp/htdocs/.NhanOrder/backend/vendor/laravel/framework/src/Illuminate/Database/Connection.php(405): Illuminate\\Database\\Connection->getPdoForSelect()
#10 /mnt/c/xampp/htdocs/.NhanOrder/backend/vendor/laravel/framework/src/Illuminate/Database/Connection.php(810): Illuminate\\Database\\Connection->{closure:Illuminate\\Database\\Connection::select():396}()
#11 /mnt/c/xampp/htdocs/.NhanOrder/backend/vendor/laravel/framework/src/Illuminate/Database/Connection.php(977): Illuminate\\Database\\Connection->runQueryCallback()
#12 /mnt/c/xampp/htdocs/.NhanOrder/backend/vendor/laravel/framework/src/Illuminate/Database/Connection.php(956): Illuminate\\Database\\Connection->tryAgainIfCausedByLostConnection()
#13 /mnt/c/xampp/htdocs/.NhanOrder/backend/vendor/laravel/framework/src/Illuminate/Database/Connection.php(779): Illuminate\\Database\\Connection->handleQueryException()
#14 /mnt/c/xampp/htdocs/.NhanOrder/backend/vendor/laravel/framework/src/Illuminate/Database/Connection.php(396): Illuminate\\Database\\Connection->run()
#15 /mnt/c/xampp/htdocs/.NhanOrder/backend/vendor/laravel/framework/src/Illuminate/Database/Query/Builder.php(3106): Illuminate\\Database\\Connection->select()
#16 /mnt/c/xampp/htdocs/.NhanOrder/backend/vendor/laravel/framework/src/Illuminate/Database/Query/Builder.php(3091): Illuminate\\Database\\Query\\Builder->runSelect()
#17 /mnt/c/xampp/htdocs/.NhanOrder/backend/vendor/laravel/framework/src/Illuminate/Database/Query/Builder.php(3676): Illuminate\\Database\\Query\\Builder->{closure:Illuminate\\Database\\Query\\Builder::get():3090}()
#18 /mnt/c/xampp/htdocs/.NhanOrder/backend/vendor/laravel/framework/src/Illuminate/Database/Query/Builder.php(3090): Illuminate\\Database\\Query\\Builder->onceWithColumns()
#19 /mnt/c/xampp/htdocs/.NhanOrder/backend/vendor/laravel/framework/src/Illuminate/Database/Eloquent/Builder.php(811): Illuminate\\Database\\Query\\Builder->get()
#20 /mnt/c/xampp/htdocs/.NhanOrder/backend/vendor/laravel/framework/src/Illuminate/Database/Eloquent/Builder.php(793): Illuminate\\Database\\Eloquent\\Builder->getModels()
#21 /mnt/c/xampp/htdocs/.NhanOrder/backend/app/Console/Commands/ClearUndefinedAccounts.php(24): Illuminate\\Database\\Eloquent\\Builder->get()
#22 /mnt/c/xampp/htdocs/.NhanOrder/backend/vendor/laravel/framework/src/Illuminate/Container/BoundMethod.php(36): App\\Console\\Commands\\ClearUndefinedAccounts->handle()
#23 /mnt/c/xampp/htdocs/.NhanOrder/backend/vendor/laravel/framework/src/Illuminate/Container/Util.php(43): Illuminate\\Container\\BoundMethod::{closure:Illuminate\\Container\\BoundMethod::call():35}()
#24 /mnt/c/xampp/htdocs/.NhanOrder/backend/vendor/laravel/framework/src/Illuminate/Container/BoundMethod.php(95): Illuminate\\Container\\Util::unwrapIfClosure()
#25 /mnt/c/xampp/htdocs/.NhanOrder/backend/vendor/laravel/framework/src/Illuminate/Container/BoundMethod.php(35): Illuminate\\Container\\BoundMethod::callBoundMethod()
#26 /mnt/c/xampp/htdocs/.NhanOrder/backend/vendor/laravel/framework/src/Illuminate/Container/Container.php(754): Illuminate\\Container\\BoundMethod::call()
#27 /mnt/c/xampp/htdocs/.NhanOrder/backend/vendor/laravel/framework/src/Illuminate/Console/Command.php(213): Illuminate\\Container\\Container->call()
#28 /mnt/c/xampp/htdocs/.NhanOrder/backend/vendor/symfony/console/Command/Command.php(279): Illuminate\\Console\\Command->execute()
#29 /mnt/c/xampp/htdocs/.NhanOrder/backend/vendor/laravel/framework/src/Illuminate/Console/Command.php(182): Symfony\\Component\\Console\\Command\\Command->run()
#30 /mnt/c/xampp/htdocs/.NhanOrder/backend/vendor/laravel/framework/src/Illuminate/Console/Concerns/CallsCommands.php(68): Illuminate\\Console\\Command->run()
#31 /mnt/c/xampp/htdocs/.NhanOrder/backend/vendor/laravel/framework/src/Illuminate/Console/Concerns/CallsCommands.php(29): Illuminate\\Console\\Command->runCommand()
#32 /mnt/c/xampp/htdocs/.NhanOrder/backend/routes/console.php(18): Illuminate\\Console\\Command->call()
#33 /mnt/c/xampp/htdocs/.NhanOrder/backend/vendor/laravel/framework/src/Illuminate/Container/BoundMethod.php(36): Illuminate\\Foundation\\Console\\ClosureCommand->{closure:/mnt/c/xampp/htdocs/.NhanOrder/backend/routes/console.php:17}()
#34 /mnt/c/xampp/htdocs/.NhanOrder/backend/vendor/laravel/framework/src/Illuminate/Container/Util.php(43): Illuminate\\Container\\BoundMethod::{closure:Illuminate\\Container\\BoundMethod::call():35}()
#35 /mnt/c/xampp/htdocs/.NhanOrder/backend/vendor/laravel/framework/src/Illuminate/Container/BoundMethod.php(83): Illuminate\\Container\\Util::unwrapIfClosure()
#36 /mnt/c/xampp/htdocs/.NhanOrder/backend/vendor/laravel/framework/src/Illuminate/Container/BoundMethod.php(35): Illuminate\\Container\\BoundMethod::callBoundMethod()
#37 /mnt/c/xampp/htdocs/.NhanOrder/backend/vendor/laravel/framework/src/Illuminate/Container/Container.php(754): Illuminate\\Container\\BoundMethod::call()
#38 /mnt/c/xampp/htdocs/.NhanOrder/backend/vendor/laravel/framework/src/Illuminate/Foundation/Console/ClosureCommand.php(63): Illuminate\\Container\\Container->call()
#39 /mnt/c/xampp/htdocs/.NhanOrder/backend/vendor/symfony/console/Command/Command.php(279): Illuminate\\Foundation\\Console\\ClosureCommand->execute()
#40 /mnt/c/xampp/htdocs/.NhanOrder/backend/vendor/laravel/framework/src/Illuminate/Console/Command.php(182): Symfony\\Component\\Console\\Command\\Command->run()
#41 /mnt/c/xampp/htdocs/.NhanOrder/backend/vendor/symfony/console/Application.php(1094): Illuminate\\Console\\Command->run()
#42 /mnt/c/xampp/htdocs/.NhanOrder/backend/vendor/symfony/console/Application.php(342): Symfony\\Component\\Console\\Application->doRunCommand()
#43 /mnt/c/xampp/htdocs/.NhanOrder/backend/vendor/symfony/console/Application.php(193): Symfony\\Component\\Console\\Application->doRun()
#44 /mnt/c/xampp/htdocs/.NhanOrder/backend/vendor/laravel/framework/src/Illuminate/Foundation/Console/Kernel.php(198): Symfony\\Component\\Console\\Application->run()
#45 /mnt/c/xampp/htdocs/.NhanOrder/backend/vendor/laravel/framework/src/Illuminate/Foundation/Application.php(1235): Illuminate\\Foundation\\Console\\Kernel->handle()
#46 /mnt/c/xampp/htdocs/.NhanOrder/backend/artisan(16): Illuminate\\Foundation\\Application->handleCommand()
#47 {main}
"} 
